###############################################################################
#
# IAR ELF Linker V3.11.1.207 for STM8                     23/Jun/2021  15:59:17
# Copyright 2010-2019 IAR Systems AB.
#
#    Output file  =  
#        C:\Users\HP\Desktop\STM8_EASYLCD\Debug\Exe\stm8_easylcd.out
#    Map file     =  
#        C:\Users\HP\Desktop\STM8_EASYLCD\Debug\List\stm8_easylcd.map
#    Command line =  
#        -f C:\Users\HP\AppData\Local\Temp\EW83E9.tmp
#        (C:\Users\HP\Desktop\STM8_EASYLCD\Debug\Obj\main.o --redirect
#        _Printf=_PrintfSmall --redirect _Scanf=_ScanfSmall --no_out_extension
#        -o C:\Users\HP\Desktop\STM8_EASYLCD\Debug\Exe\stm8_easylcd.out --map
#        C:\Users\HP\Desktop\STM8_EASYLCD\Debug\List\stm8_easylcd.map --config
#        "C:\Program Files (x86)\IAR Systems\Embedded Workbench
#        8.3\stm8\config\lnkstm8s103f3.icf" --config_def _CSTACK_SIZE=0x100
#        --config_def _HEAP_SIZE=0x100 --entry __iar_program_start --debug_lib)
#
###############################################################################

*******************************************************************************
*** RUNTIME MODEL ATTRIBUTES
***

__SystemLibrary            = DLib
__code_model               = small
__core                     = stm8
__data_model               = medium
__dlib_file_descriptor     = 0
__dlib_full_locale_support = 0
__rt_version               = 4


*******************************************************************************
*** PLACEMENT SUMMARY
***

"A0":  place at start of [0x000000-0x0000ff] { rw section .vregs };
"A1":  place at end of [0x000000-0x0003ff] { block CSTACK };
"P2":  place in [from 0x000000 to 0x0003ff] {
          block HEAP, rw section __DLIB_PERTHREAD, rw section .far.bss,
          rw section .far.data, rw section .far.noinit,
          rw section .far_func.textrw, rw section .huge.bss,
          rw section .huge.data, rw section .huge.noinit,
          rw section .huge_func.textrw, rw section .iar.dynexit,
          rw section .near.bss, rw section .near.data, rw section .near.noinit,
          rw section .near_func.textrw };
"A2":  place at start of [0x008000-0x009fff] { block INTVEC };
"P3":  place in [from 0x008000 to 0x009fff] {
          ro section __DLIB_PERTHREAD_init, ro section .far.data_init,
          ro section .far_func.textrw_init, ro section .huge.data_init,
          ro section .huge_func.textrw_init, ro section .iar.init_table,
          ro section .init_array, ro section .near.data_init,
          ro section .near.rodata, ro section .near_func.text,
          ro section .near_func.textrw_init, ro section .tiny.data_init,
          ro section .tiny.rodata_init };
"P4":  place in [from 0x008000 to 0x009fff] {
          ro section .far.rodata, ro section .far_func.text };
"P5":  place in [from 0x008000 to 0x009fff] {
          ro section .huge.rodata, ro section .huge_func.text };
do not initialize {
   rw section .eeprom.noinit, rw section .far.noinit, rw section .huge.noinit,
   rw section .near.noinit, rw section .tiny.noinit, rw section .vregs };

No sections matched the following patterns:

  ro section .far.data_init          in "P3-P5"
  ro section .far.rodata             in "P3-P5"
  ro section .far_func.text          in "P3-P5"
  ro section .far_func.textrw_init   in "P3-P5"
  ro section .huge.data_init         in "P3-P5"
  ro section .huge.rodata            in "P3-P5"
  ro section .huge_func.text         in "P3-P5"
  ro section .huge_func.textrw_init  in "P3-P5"
  ro section .iar.init_table         in "P3-P5"
  ro section .init_array             in "P3-P5"
  ro section .near.data_init         in "P3-P5"
  ro section .near_func.textrw_init  in "P3-P5"
  ro section .tiny.data_init         in "P3-P5"
  ro section .tiny.rodata_init       in "P3-P5"
  ro section __DLIB_PERTHREAD_init   in "P3-P5"
  rw section .far.bss                in "P2"
  rw section .far.data               in "P2"
  rw section .far.noinit             in "P2"
  rw section .far_func.textrw        in "P2"
  rw section .huge.bss               in "P2"
  rw section .huge.data              in "P2"
  rw section .huge.noinit            in "P2"
  rw section .huge_func.textrw       in "P2"
  rw section .iar.dynexit            in "P2"
  rw section .near.data              in "P2"
  rw section .near.noinit            in "P2"
  rw section .near_func.textrw       in "P2"
  rw section .tiny.bss               in "P1"
  rw section .tiny.data              in "P1"
  rw section .tiny.noinit            in "P1"
  rw section .tiny.rodata            in "P1"
  rw section __DLIB_PERTHREAD        in "P2"
  section .eeprom.data               in "P6-P8"
  section .eeprom.noinit             in "P6-P8"
  section .eeprom.rodata             in "P6-P8"


  Section          Kind      Address   Size  Object
  -------          ----      -------   ----  ------
"A0":                                   0xc
  .vregs           uninit   0x000000    0xc  vregs.o [4]
                          - 0x00000c    0xc

"P2":                                  0x76
  .near.bss        zero     0x00000c   0x37  main.o [1]
  .near.bss        zero     0x000043   0x28  main.o [1]
  .near.bss        zero     0x00006b    0x7  main.o [1]
  .near.bss        zero     0x000072    0x7  main.o [1]
  .near.bss        zero     0x000079    0x5  main.o [1]
  .near.bss        zero     0x00007e    0x1  main.o [1]
  .near.bss        zero     0x00007f    0x1  main.o [1]
  .near.bss        zero     0x000080    0x1  main.o [1]
  .near.bss        zero     0x000081    0x1  main.o [1]
                          - 0x000082   0x76

"A1":                                 0x100
  CSTACK                    0x000300  0x100  <Block>
    CSTACK         uninit   0x000300  0x100  <Block tail>
                          - 0x000400  0x100

"A2":                                  0x80
  INTVEC                    0x008000   0x80  <Block>
    .intvec        const    0x008000   0x80  interrupt.o [4]
                          - 0x008080   0x80

"P3-P5":                              0xef6
  .near_func.text  ro code  0x008080  0x3e0  main.o [1]
  .near_func.text  ro code  0x008460  0x3a5  xprintfsmall.o [4]
  .near_func.text  ro code  0x008805  0x176  xprintfsmall.o [4]
  .near_func.text  ro code  0x00897b   0xc9  long.o [4]
  .near_func.text  ro code  0x008a44   0xc5  vreg_util.o [4]
  .near_func.text  ro code  0x008b09   0x3e  snprintf.o [4]
  .near_func.text  ro code  0x008b47   0x3d  sprintf.o [4]
  .near_func.text  ro code  0x008b84   0x3d  xprintfsmall.o [4]
  .near_func.text  ro code  0x008bc1   0x3b  long_util.o [4]
  .near_func.text  ro code  0x008bfc   0x37  xprintfsmall.o [4]
  .near_func.text  ro code  0x008c33   0x35  xprintfsmall.o [4]
  .near_func.text  ro code  0x008c68   0x34  strncpy.o [4]
  .near_func.text  ro code  0x008c9c   0x33  main.o [1]
  .near_func.text  ro code  0x008ccf   0x33  main.o [1]
  .near_func.text  ro code  0x008d02   0x2f  xprintfsmall.o [4]
  .near_func.text  ro code  0x008d31   0x2d  xsnprout.o [4]
  .near_func.text  ro code  0x008d5e   0x21  memchr.o [4]
  .iar.init_table  const    0x008d7f    0x8  - Linker created -
  .near_func.text  ro code  0x008d87   0x1e  short.o [4]
  .near_func.text  ro code  0x008da5   0x1e  init_small.o [4]
  .near_func.text  ro code  0x008dc3   0x18  main.o [1]
  .near_func.text  ro code  0x008ddb   0x16  memset.o [4]
  .near_func.text  ro code  0x008df1   0x15  strchr.o [4]
  .near_func.text  ro code  0x008e06   0x14  init.o [4]
  .near_func.text  ro code  0x008e1a   0x14  xprintfsmall.o [4]
  .near_func.text  ro code  0x008e2e   0x14  __dbg_xxexit.o [3]
  .near_func.text  ro code  0x008e42   0x13  cstartup.o [4]
  .near.rodata     const    0x008e55    0xf  main.o [1]
  .near.rodata     const    0x008e64    0xd  main.o [1]
  .near_func.text  ro code  0x008e71    0xd  strlen.o [4]
  .near.rodata     const    0x008e7e    0xb  main.o [1]
  .near_func.text  ro code  0x008e89    0xb  xprintfsmall.o [4]
  .near_func.text  ro code  0x008e94    0xb  xsprout.o [4]
  .near.rodata     const    0x008e9f    0xa  main.o [1]
  .near_func.text  ro code  0x008ea9    0xa  xprintfsmall.o [4]
  .near_func.text  ro code  0x008eb3    0x9  xprintfsmall.o [4]
  .near.rodata     const    0x008ebc    0x8  main.o [1]
  .near.rodata     const    0x008ec4    0x8  main.o [1]
  .near_func.text  ro code  0x008ecc    0x8  xprintfsmall.o [4]
  .near.rodata     const    0x008ed4    0x7  xprintfsmall.o [4]
  .near.rodata     const    0x008edb    0x6  main.o [1]
  .near.rodata     const    0x008ee1    0x6  main.o [1]
  .near.rodata     const    0x008ee7    0x6  main.o [1]
  .near.rodata     const    0x008eed    0x6  main.o [1]
  .near.rodata     const    0x008ef3    0x6  main.o [1]
  .near.rodata     const    0x008ef9    0x6  main.o [1]
  .near.rodata     const    0x008eff    0x6  main.o [1]
  .near.rodata     const    0x008f05    0x6  main.o [1]
  .near.rodata     const    0x008f0b    0x6  main.o [1]
  .near.rodata     const    0x008f11    0x6  main.o [1]
  .near.rodata     const    0x008f17    0x6  main.o [1]
  .near.rodata     const    0x008f1d    0x6  main.o [1]
  .near.rodata     const    0x008f23    0x6  main.o [1]
  .near.rodata     const    0x008f29    0x6  main.o [1]
  .near.rodata     const    0x008f2f    0x6  main.o [1]
  .near.rodata     const    0x008f35    0x6  main.o [1]
  .near_func.text  ro code  0x008f3b    0x6  xprintfsmall.o [4]
  .near_func.text  ro code  0x008f41    0x6  xprintfsmall.o [4]
  .near.rodata     const    0x008f47    0x5  main.o [1]
  .near_func.text  ro code  0x008f4c    0x5  cexit.o [4]
  .near.rodata     const    0x008f51    0x4  main.o [1]
  .near.rodata     const    0x008f55    0x4  main.o [1]
  .near.rodata     const    0x008f59    0x4  main.o [1]
  .near.rodata     const    0x008f5d    0x4  main.o [1]
  .near.rodata     const    0x008f61    0x4  main.o [1]
  .near_func.text  ro code  0x008f65    0x3  interrupt.o [4]
  .near_func.text  ro code  0x008f68    0x3  low_level_init.o [4]
  .near_func.text  ro code  0x008f6b    0x3  exit.o [4]
  .near_func.text  ro code  0x008f6e    0x3  unhandled_exception.o [4]
  .near.rodata     const    0x008f71    0x2  main.o [1]
  .near.rodata     const    0x008f73    0x2  main.o [1]
  .near_func.text  ro code  0x008f75    0x1  __dbg_break.o [3]
                          - 0x008f76  0xef6


*******************************************************************************
*** INIT TABLE
***

          Address   Size
          -------   ----
Zero (__iar_zero_init2)
    1 destination range, total size 0x76:
          0x00000c  0x76



*******************************************************************************
*** MODULE SUMMARY
***

    Module                 ro code  ro data  rw data
    ------                 -------  -------  -------
C:\Users\HP\Desktop\STM8_EASYLCD\Debug\Obj: [1]
    main.o                   1 118      190      118
    ------------------------------------------------
    Total:                   1 118      190      118

command line: [2]
    ------------------------------------------------
    Total:

dbgstm8smd.a: [3]
    __dbg_break.o                1
    __dbg_xxexit.o              20
    ------------------------------------------------
    Total:                      21

dlstm8smn.a: [4]
    cexit.o                      5
    cstartup.o                  19
    exit.o                       3
    init.o                      20
    init_small.o                30
    interrupt.o                  3      128
    long.o                     201
    long_util.o                 59
    low_level_init.o             3
    memchr.o                    33
    memset.o                    22
    short.o                     30
    snprintf.o                  62
    sprintf.o                   61
    strchr.o                    21
    strlen.o                    13
    strncpy.o                   52
    unhandled_exception.o        3
    vreg_util.o                197
    vregs.o                                       12
    xprintfsmall.o           1 593        7
    xsnprout.o                  45
    xsprout.o                   11
    ------------------------------------------------
    Total:                   2 486      135       12

    Linker created                        8      256
----------------------------------------------------
    Grand Total:             3 625      333      386


*******************************************************************************
*** ENTRY LIST
***

Entry                    Address   Size  Type      Object
-----                    -------   ----  ----      ------
.iar.init_table$$Base   0x008d7f          --   Gb  - Linker created -
.iar.init_table$$Limit  0x008d87          --   Gb  - Linker created -
?and32_l0_l0_0x         0x008a14         Code  Gb  long.o [4]
?and32_l0_l0_l1         0x008a11         Code  Gb  long.o [4]
?b0                     0x000000         Data  Gb  vregs.o [4]
?b1                     0x000001         Data  Gb  vregs.o [4]
?b10                    0x00000a         Data  Gb  vregs.o [4]
?b11                    0x00000b         Data  Gb  vregs.o [4]
?b2                     0x000002         Data  Gb  vregs.o [4]
?b3                     0x000003         Data  Gb  vregs.o [4]
?b4                     0x000004         Data  Gb  vregs.o [4]
?b5                     0x000005         Data  Gb  vregs.o [4]
?b6                     0x000006         Data  Gb  vregs.o [4]
?b7                     0x000007         Data  Gb  vregs.o [4]
?b8                     0x000008         Data  Gb  vregs.o [4]
?b9                     0x000009         Data  Gb  vregs.o [4]
?dec32_0x_0x            0x008990         Code  Gb  long.o [4]
?dec32_l0_l0            0x00898b         Code  Gb  long.o [4]
?e0                     0x000001         Data  Gb  vregs.o [4]
?e1                     0x000005         Data  Gb  vregs.o [4]
?e2                     0x000009         Data  Gb  vregs.o [4]
?epilogue_l2            0x008aaa         Code  Gb  vreg_util.o [4]
?epilogue_w4            0x008aae         Code  Gb  vreg_util.o [4]
?l0                     0x000000         Data  Gb  vregs.o [4]
?l1                     0x000004         Data  Gb  vregs.o [4]
?l2                     0x000008         Data  Gb  vregs.o [4]
?load32_0x_l0           0x008bee         Code  Gb  long_util.o [4]
?load32_asp_l0          0x008be2         Code  Gb  long_util.o [4]
?load32_dbsp_l0         0x008bdd         Code  Gb  long_util.o [4]
?load32_l0_0x           0x008bd1         Code  Gb  long_util.o [4]
?load32_l0_asp          0x008bc6         Code  Gb  long_util.o [4]
?load32_l0_dbsp         0x008bc1         Code  Gb  long_util.o [4]
?load32_l0_xsp          0x008bc8         Code  Gb  long_util.o [4]
?load32_xsp_l0          0x008be4         Code  Gb  long_util.o [4]
?mov_e0_e1              0x008ad8         Code  Gb  vreg_util.o [4]
?mov_e0_e2              0x008ae5         Code  Gb  vreg_util.o [4]
?mov_e1_e0              0x008af2         Code  Gb  vreg_util.o [4]
?mov_e2_e0              0x008aff         Code  Gb  vreg_util.o [4]
?mov_l0_l1              0x008ad5         Code  Gb  vreg_util.o [4]
?mov_l0_l2              0x008ae2         Code  Gb  vreg_util.o [4]
?mov_l1_l0              0x008aef         Code  Gb  vreg_util.o [4]
?mov_l2_l0              0x008afc         Code  Gb  vreg_util.o [4]
?mov_w0_w1              0x008ab2         Code  Gb  vreg_util.o [4]
?mov_w0_w5              0x008ab9         Code  Gb  vreg_util.o [4]
?mov_w1_w3              0x008adb         Code  Gb  vreg_util.o [4]
?mov_w1_w5              0x008ae8         Code  Gb  vreg_util.o [4]
?mov_w3_w1              0x008af5         Code  Gb  vreg_util.o [4]
?mov_w4_w0              0x008ac0         Code  Gb  vreg_util.o [4]
?mov_w4_w1              0x008ac7         Code  Gb  vreg_util.o [4]
?mov_w5_w0              0x008ace         Code  Gb  vreg_util.o [4]
?mov_w5_w1              0x008b02         Code  Gb  vreg_util.o [4]
?mul16_x_x_w0           0x008d87         Code  Gb  short.o [4]
?neg32_l0_l0            0x00897b         Code  Gb  long.o [4]
?pop_l2                 0x008a97         Code  Gb  vreg_util.o [4]
?pop_w4                 0x008a66         Code  Gb  vreg_util.o [4]
?push_l2                0x008a75         Code  Gb  vreg_util.o [4]
?push_w0                0x008a44         Code  Gb  vreg_util.o [4]
?push_w1                0x008a49         Code  Gb  vreg_util.o [4]
?push_w4                0x008a4e         Code  Gb  vreg_util.o [4]
?sext32_l0_a            0x008a37         Code  Gb  long.o [4]
?sext32_l0_x            0x008a2c         Code  Gb  long.o [4]
?udiv32_l0_l0_l1        0x0089a4         Code  Gb  long.o [4]
?umod32_l1_l0_l1        0x0089a4         Code  Gb  long.o [4]
?w0                     0x000000         Data  Gb  vregs.o [4]
?w1                     0x000002         Data  Gb  vregs.o [4]
?w2                     0x000004         Data  Gb  vregs.o [4]
?w3                     0x000006         Data  Gb  vregs.o [4]
?w4                     0x000008         Data  Gb  vregs.o [4]
?w5                     0x00000a         Data  Gb  vregs.o [4]
CSTACK$$Base            0x000300          --   Gb  - Linker created -
CSTACK$$Limit           0x000400          --   Gb  - Linker created -
INTVEC$$Base            0x008000          --   Gb  - Linker created -
INTVEC$$Limit           0x008080          --   Gb  - Linker created -
LoadInt                 0x008b84   0x3d  Code  Lc  xprintfsmall.o [4]
Region$$Table$$Base     0x008d7f          --   Gb  - Linker created -
Region$$Table$$Limit    0x008d87          --   Gb  - Linker created -
UART1_RX_IRQHandler     0x008c9c   0x33  Code  Gb  main.o [1]
_LitobSmall             0x008805  0x176  Code  Lc  xprintfsmall.o [4]
_PrintfSmall            0x008460  0x3a5  Code  Gb  xprintfsmall.o [4]
_PutcharSmall           0x008d02   0x2f  Code  Lc  xprintfsmall.o [4]
_PutcharsSmall          0x008c33   0x35  Code  Lc  xprintfsmall.o [4]
_SNProut                0x008d31   0x2d  Code  Gb  xsnprout.o [4]
_SProut                 0x008e94    0xb  Code  Gb  xsprout.o [4]
__DebugBreak            0x008f75    0x1  Code  Gb  __dbg_break.o [3]
__exit                  0x008e2e   0x14  Code  Gb  __dbg_xxexit.o [3]
__iar_Memchr            0x008d5e   0x21  Code  Gb  memchr.o [4]
__iar_Strchr            0x008df1   0x15  Code  Gb  strchr.o [4]
__iar_data_init2        0x008e06   0x14  Code  Gb  init.o [4]
__iar_program_start     0x008e42         Code  Gb  cstartup.o [4]
__iar_unhandled_exception
                        0x008f6e         Code  Gb  unhandled_exception.o [4]
__iar_zero_init2        0x008da5         Code  Gb  init_small.o [4]
__intvec                0x008000         Data  Gb  interrupt.o [4]
__low_level_init        0x008f68    0x3  Code  Gb  low_level_init.o [4]
_exit                   0x008f4c         Code  Gb  cexit.o [4]
_interrupt_20           0x008c9c         Code  Gb  main.o [1]
anisay                  0x000081    0x1  Data  Gb  main.o [1]
buf                     0x00000c   0x37  Data  Gb  main.o [1]
cevapbekle              0x008ccf   0x33  Code  Gb  main.o [1]
delay                   0x008dc3   0x18  Code  Gb  main.o [1]
exit                    0x008f6b    0x3  Code  Gb  exit.o [4]
komut                   0x00006b    0x7  Data  Gb  main.o [1]
koor                    0x000079    0x5  Data  Gb  main.o [1]
main                    0x008080  0x3e0  Code  Gb  main.o [1]
memset                  0x008ddb   0x16  Code  Gb  memset.o [4]
pad                     0x008bfc   0x37  Code  Lc  xprintfsmall.o [4]
rec_data                0x000072    0x7  Data  Gb  main.o [1]
recflag                 0x000080    0x1  Data  Gb  main.o [1]
snprintf                0x008b09   0x3e  Code  Gb  snprintf.o [4]
sprintf                 0x008b47   0x3d  Code  Gb  sprintf.o [4]
strlen                  0x008e71    0xd  Code  Gb  strlen.o [4]
strncpy                 0x008c68   0x34  Code  Gb  strncpy.o [4]
temp                    0x00007f    0x1  Data  Gb  main.o [1]
yaz1                    0x00007e    0x1  Data  Gb  main.o [1]
yazdata                 0x000043   0x28  Data  Gb  main.o [1]


[1] = C:\Users\HP\Desktop\STM8_EASYLCD\Debug\Obj
[2] = command line
[3] = dbgstm8smd.a
[4] = dlstm8smn.a

  3 625 bytes of readonly  code memory
    333 bytes of readonly  data memory
    386 bytes of readwrite data memory

Errors: none
Warnings: none
